row 0 chain 0 peers [0, 2, 4, 6], 30.0 fps for 10.0s
  t=  0.00s uptime=  66s  11952 mV  16 mA
  t=  0.97s uptime=   0s  11952 mV  18 mA
  t=  1.99s uptime=   0s  11952 mV  18 mA
  t=  3.01s uptime=   0s  11951 mV  17 mA
  t=  4.03s uptime=   0s  11948 mV  17 mA
  t=  5.05s uptime=   0s  11951 mV  17 mA
  t=  6.07s uptime=   0s  11950 mV  18 mA
  t=  7.09s uptime=   0s  11950 mV  18 mA
  t=  8.11s uptime=   0s  11952 mV  19 mA
  t=  9.13s uptime=   0s  11950 mV  18 mA
traffic stopped at t=10.02s (295 periods)
  t= 10.02s uptime=   0s  11952 mV  18 mA
  t= 10.13s uptime=   0s  11952 mV  16 mA
  t= 10.24s uptime=   0s  11953 mV  16 mA
  t= 10.34s uptime=   0s  11953 mV  16 mA
  t= 10.44s uptime=   0s  11952 mV  16 mA
  t= 10.55s uptime=   0s  11951 mV  15 mA
  t= 10.65s uptime=   0s  11952 mV  15 mA
  t= 10.75s uptime=   1s  11952 mV  17 mA
  t= 10.86s uptime=   1s  11953 mV  15 mA
  t= 10.96s uptime=   1s  11952 mV  17 mA
  t= 11.06s uptime=   1s  11950 mV  16 mA
  t= 11.16s uptime=   1s  11951 mV  16 mA
  t= 11.27s uptime=   1s  11952 mV  16 mA
  t= 11.37s uptime=   1s  11951 mV  16 mA
  t= 11.47s uptime=   1s  11952 mV  16 mA
  t= 11.58s uptime=   1s  11952 mV  16 mA
  t= 11.68s uptime=   1s  11952 mV  16 mA
  t= 11.78s uptime=   2s  11951 mV  16 mA
  t= 11.89s uptime=   2s  11953 mV  16 mA
  t= 11.99s uptime=   2s  11951 mV  15 mA
  t= 12.09s uptime=   2s  11953 mV  15 mA
  t= 12.20s uptime=   2s  11950 mV  16 mA
  t= 12.30s uptime=   2s  11953 mV  15 mA
  t= 12.40s uptime=   2s  11955 mV  16 mA
  t= 12.50s uptime=   2s  11951 mV  15 mA
  t= 12.61s uptime=   2s  11953 mV  17 mA
  t= 12.71s uptime=   3s  11952 mV  17 mA
  t= 12.81s uptime=   3s  11951 mV  16 mA
  t= 12.92s uptime=   3s  11951 mV  16 mA
  t= 13.02s uptime=   3s  11952 mV  15 mA
  t= 13.12s uptime=   3s  11951 mV  15 mA
  t= 13.23s uptime=   3s  11952 mV  15 mA
  t= 13.33s uptime=   3s  11955 mV  17 mA
  t= 13.43s uptime=   3s  11953 mV  15 mA
  t= 13.53s uptime=   3s  11953 mV  16 mA
  t= 13.64s uptime=   3s  11951 mV  15 mA
  t= 13.74s uptime=   4s  11952 mV  16 mA
  t= 13.84s uptime=   4s  11950 mV  15 mA
  t= 13.95s uptime=   4s  11952 mV  16 mA
  t= 14.05s uptime=   4s  11953 mV  16 mA
  t= 14.15s uptime=   4s  11952 mV  16 mA
  t= 14.26s uptime=   4s  11955 mV  17 mA
  t= 14.36s uptime=   4s  11950 mV  16 mA
  t= 14.46s uptime=   4s  11953 mV  16 mA
  t= 14.56s uptime=   4s  11951 mV  15 mA
  t= 14.67s uptime=   4s  11952 mV  15 mA
  t= 14.77s uptime=   5s  11952 mV  16 mA
  t= 14.87s uptime=   5s  11952 mV  16 mA
  t= 14.98s uptime=   5s  11952 mV  17 mA
  t= 15.08s uptime=   5s  11952 mV  15 mA
  t= 15.18s uptime=   5s  11952 mV  17 mA
  t= 15.29s uptime=   5s  11951 mV  16 mA
  t= 15.39s uptime=   5s  11953 mV  15 mA
  t= 15.49s uptime=   5s  11951 mV  15 mA
  t= 15.59s uptime=   5s  11952 mV  15 mA
  t= 15.70s uptime=   6s  11952 mV  17 mA
  t= 15.80s uptime=   6s  11950 mV  16 mA
  t= 15.90s uptime=   6s  11953 mV  15 mA
  t= 16.01s uptime=   6s  11951 mV  15 mA
  t= 16.11s uptime=   6s  11951 mV  16 mA
